[INFO] Scanning for projects...
[INFO] 
[INFO] ------------------------< org.example:backend >-------------------------
[INFO] Building backend 0.0.1-SNAPSHOT
[INFO]   from pom.xml
[INFO] --------------------------------[ jar ]---------------------------------
[INFO] 
[INFO] --- resources:3.3.1:resources (default-resources) @ backend ---
[INFO] Copying 1 resource from src\main\resources to target\classes
[INFO] Copying 0 resource from src\main\resources to target\classes
[INFO] 
[INFO] --- compiler:3.14.1:compile (default-compile) @ backend ---
[INFO] Recompiling the module because of changed source code.
[INFO] Compiling 48 source files with javac [debug parameters release 17] to target\classes
[INFO] -------------------------------------------------------------
[ERROR] COMPILATION ERROR : 
[INFO] -------------------------------------------------------------
[ERROR] /C:/Users/DELL/Desktop/temp1/smart-campus-operations-system/backend/src/main/java/org/example/backend/services/MockUserService.java:[14,41] interface expected here
[ERROR] /C:/Users/DELL/Desktop/temp1/smart-campus-operations-system/backend/src/main/java/org/example/backend/services/MongoUserService.java:[15,42] interface expected here
[ERROR] /C:/Users/DELL/Desktop/temp1/smart-campus-operations-system/backend/src/main/java/org/example/backend/config/DataSeeder.java:[22,31] cannot find symbol
  symbol:   method builder()
  location: class org.example.backend.models.User
[ERROR] /C:/Users/DELL/Desktop/temp1/smart-campus-operations-system/backend/src/main/java/org/example/backend/config/DataSeeder.java:[28,31] cannot find symbol
  symbol:   method builder()
  location: class org.example.backend.models.User
[ERROR] /C:/Users/DELL/Desktop/temp1/smart-campus-operations-system/backend/src/main/java/org/example/backend/config/DataSeeder.java:[34,31] cannot find symbol
  symbol:   method builder()
  location: class org.example.backend.models.User
[ERROR] /C:/Users/DELL/Desktop/temp1/smart-campus-operations-system/backend/src/main/java/org/example/backend/config/DataSeeder.java:[40,31] cannot find symbol
  symbol:   method builder()
  location: class org.example.backend.models.User
[ERROR] /C:/Users/DELL/Desktop/temp1/smart-campus-operations-system/backend/src/main/java/org/example/backend/config/OAuth2SuccessHandler.java:[40,20] constructor User in class org.example.backend.models.User cannot be applied to given types;
  required: java.lang.String,java.lang.String,java.lang.String,org.example.backend.models.Role
  found:    no arguments
  reason: actual and formal argument lists differ in length
[ERROR] /C:/Users/DELL/Desktop/temp1/smart-campus-operations-system/backend/src/main/java/org/example/backend/config/OAuth2SuccessHandler.java:[41,17] cannot find symbol
  symbol:   method setEmail(java.lang.String)
  location: variable user of type org.example.backend.models.User
[ERROR] /C:/Users/DELL/Desktop/temp1/smart-campus-operations-system/backend/src/main/java/org/example/backend/config/OAuth2SuccessHandler.java:[42,17] cannot find symbol
  symbol:   method setName(java.lang.String)
  location: variable user of type org.example.backend.models.User
[ERROR] /C:/Users/DELL/Desktop/temp1/smart-campus-operations-system/backend/src/main/java/org/example/backend/config/OAuth2SuccessHandler.java:[43,17] cannot find symbol
  symbol:   method setPassword(java.lang.String)
  location: variable user of type org.example.backend.models.User
[ERROR] /C:/Users/DELL/Desktop/temp1/smart-campus-operations-system/backend/src/main/java/org/example/backend/config/OAuth2SuccessHandler.java:[44,17] cannot find symbol
  symbol:   method setRole(org.example.backend.models.Role)
  location: variable user of type org.example.backend.models.User
[ERROR] /C:/Users/DELL/Desktop/temp1/smart-campus-operations-system/backend/src/main/java/org/example/backend/config/OAuth2SuccessHandler.java:[45,17] cannot find symbol
  symbol:   method setActive(boolean)
  location: variable user of type org.example.backend.models.User
[ERROR] /C:/Users/DELL/Desktop/temp1/smart-campus-operations-system/backend/src/main/java/org/example/backend/config/OAuth2SuccessHandler.java:[46,17] cannot find symbol
  symbol:   method setCreatedAt(java.time.LocalDateTime)
  location: variable user of type org.example.backend.models.User
[ERROR] /C:/Users/DELL/Desktop/temp1/smart-campus-operations-system/backend/src/main/java/org/example/backend/config/OAuth2SuccessHandler.java:[53,50] cannot find symbol
  symbol:   method getEmail()
  location: variable user of type org.example.backend.models.User
[ERROR] /C:/Users/DELL/Desktop/temp1/smart-campus-operations-system/backend/src/main/java/org/example/backend/config/OAuth2SuccessHandler.java:[53,67] cannot find symbol
  symbol:   method getRole()
  location: variable user of type org.example.backend.models.User
[ERROR] /C:/Users/DELL/Desktop/temp1/smart-campus-operations-system/backend/src/main/java/org/example/backend/config/OAuth2SuccessHandler.java:[57,34] cannot find symbol
  symbol:   method getName()
  location: variable user of type org.example.backend.models.User
[ERROR] /C:/Users/DELL/Desktop/temp1/smart-campus-operations-system/backend/src/main/java/org/example/backend/config/OAuth2SuccessHandler.java:[58,35] cannot find symbol
  symbol:   method getEmail()
  location: variable user of type org.example.backend.models.User
[ERROR] /C:/Users/DELL/Desktop/temp1/smart-campus-operations-system/backend/src/main/java/org/example/backend/config/OAuth2SuccessHandler.java:[59,34] cannot find symbol
  symbol:   method getRole()
  location: variable user of type org.example.backend.models.User
[ERROR] /C:/Users/DELL/Desktop/temp1/smart-campus-operations-system/backend/src/main/java/org/example/backend/config/OAuth2SuccessHandler.java:[60,32] cannot find symbol
  symbol:   method getId()
  location: variable user of type org.example.backend.models.User
[ERROR] /C:/Users/DELL/Desktop/temp1/smart-campus-operations-system/backend/src/main/java/org/example/backend/services/AuthService.java:[24,49] cannot find symbol
  symbol:   method getEmail()
  location: variable request of type org.example.backend.dtos.RegisterRequest
[ERROR] /C:/Users/DELL/Desktop/temp1/smart-campus-operations-system/backend/src/main/java/org/example/backend/services/AuthService.java:[30,24] cannot find symbol
  symbol:   method getName()
  location: variable request of type org.example.backend.dtos.RegisterRequest
[ERROR] /C:/Users/DELL/Desktop/temp1/smart-campus-operations-system/backend/src/main/java/org/example/backend/services/AuthService.java:[31,24] cannot find symbol
  symbol:   method getEmail()
  location: variable request of type org.example.backend.dtos.RegisterRequest
[ERROR] /C:/Users/DELL/Desktop/temp1/smart-campus-operations-system/backend/src/main/java/org/example/backend/services/AuthService.java:[32,47] cannot find symbol
  symbol:   method getPassword()
  location: variable request of type org.example.backend.dtos.RegisterRequest
[ERROR] /C:/Users/DELL/Desktop/temp1/smart-campus-operations-system/backend/src/main/java/org/example/backend/services/AuthService.java:[39,55] cannot find symbol
  symbol:   method getEmail()
  location: variable savedUser of type org.example.backend.models.User
[ERROR] /C:/Users/DELL/Desktop/temp1/smart-campus-operations-system/backend/src/main/java/org/example/backend/services/AuthService.java:[39,77] cannot find symbol
  symbol:   method getRole()
  location: variable savedUser of type org.example.backend.models.User
[ERROR] /C:/Users/DELL/Desktop/temp1/smart-campus-operations-system/backend/src/main/java/org/example/backend/services/AuthService.java:[46,26] cannot find symbol
  symbol:   method getRole()
  location: variable savedUser of type org.example.backend.models.User
[ERROR] /C:/Users/DELL/Desktop/temp1/smart-campus-operations-system/backend/src/main/java/org/example/backend/services/AuthService.java:[45,26] cannot find symbol
  symbol:   method getEmail()
  location: variable savedUser of type org.example.backend.models.User
[ERROR] /C:/Users/DELL/Desktop/temp1/smart-campus-operations-system/backend/src/main/java/org/example/backend/services/AuthService.java:[44,26] cannot find symbol
  symbol:   method getName()
  location: variable savedUser of type org.example.backend.models.User
[ERROR] /C:/Users/DELL/Desktop/temp1/smart-campus-operations-system/backend/src/main/java/org/example/backend/services/AuthService.java:[43,26] cannot find symbol
  symbol:   method getId()
  location: variable savedUser of type org.example.backend.models.User
[ERROR] /C:/Users/DELL/Desktop/temp1/smart-campus-operations-system/backend/src/main/java/org/example/backend/services/AuthService.java:[52,55] cannot find symbol
  symbol:   method getEmail()
  location: variable request of type org.example.backend.dtos.LoginRequest
[ERROR] /C:/Users/DELL/Desktop/temp1/smart-campus-operations-system/backend/src/main/java/org/example/backend/services/AuthService.java:[56,18] cannot find symbol
  symbol:   method isActive()
  location: variable user of type org.example.backend.models.User
[ERROR] /C:/Users/DELL/Desktop/temp1/smart-campus-operations-system/backend/src/main/java/org/example/backend/services/AuthService.java:[61,45] cannot find symbol
  symbol:   method getPassword()
  location: variable request of type org.example.backend.dtos.LoginRequest
[ERROR] /C:/Users/DELL/Desktop/temp1/smart-campus-operations-system/backend/src/main/java/org/example/backend/services/AuthService.java:[61,65] cannot find symbol
  symbol:   method getPassword()
  location: variable user of type org.example.backend.models.User
[ERROR] /C:/Users/DELL/Desktop/temp1/smart-campus-operations-system/backend/src/main/java/org/example/backend/services/AuthService.java:[66,50] cannot find symbol
  symbol:   method getEmail()
  location: variable user of type org.example.backend.models.User
[ERROR] /C:/Users/DELL/Desktop/temp1/smart-campus-operations-system/backend/src/main/java/org/example/backend/services/AuthService.java:[66,67] cannot find symbol
  symbol:   method getRole()
  location: variable user of type org.example.backend.models.User
[ERROR] /C:/Users/DELL/Desktop/temp1/smart-campus-operations-system/backend/src/main/java/org/example/backend/services/AuthService.java:[73,21] cannot find symbol
  symbol:   method getRole()
  location: variable user of type org.example.backend.models.User
[ERROR] /C:/Users/DELL/Desktop/temp1/smart-campus-operations-system/backend/src/main/java/org/example/backend/services/AuthService.java:[72,21] cannot find symbol
  symbol:   method getEmail()
  location: variable user of type org.example.backend.models.User
[ERROR] /C:/Users/DELL/Desktop/temp1/smart-campus-operations-system/backend/src/main/java/org/example/backend/services/AuthService.java:[71,21] cannot find symbol
  symbol:   method getName()
  location: variable user of type org.example.backend.models.User
[ERROR] /C:/Users/DELL/Desktop/temp1/smart-campus-operations-system/backend/src/main/java/org/example/backend/services/AuthService.java:[70,21] cannot find symbol
  symbol:   method getId()
  location: variable user of type org.example.backend.models.User
[ERROR] /C:/Users/DELL/Desktop/temp1/smart-campus-operations-system/backend/src/main/java/org/example/backend/services/AuthService.java:[78,45] cannot find symbol
  symbol:   method getEmail()
  location: variable request of type org.example.backend.dtos.RegisterRequest
[ERROR] /C:/Users/DELL/Desktop/temp1/smart-campus-operations-system/backend/src/main/java/org/example/backend/services/AuthService.java:[83,20] cannot find symbol
  symbol:   method getName()
  location: variable request of type org.example.backend.dtos.RegisterRequest
[ERROR] /C:/Users/DELL/Desktop/temp1/smart-campus-operations-system/backend/src/main/java/org/example/backend/services/AuthService.java:[84,20] cannot find symbol
  symbol:   method getEmail()
  location: variable request of type org.example.backend.dtos.RegisterRequest
[ERROR] /C:/Users/DELL/Desktop/temp1/smart-campus-operations-system/backend/src/main/java/org/example/backend/services/AuthService.java:[85,43] cannot find symbol
  symbol:   method getPassword()
  location: variable request of type org.example.backend.dtos.RegisterRequest
[ERROR] /C:/Users/DELL/Desktop/temp1/smart-campus-operations-system/backend/src/main/java/org/example/backend/services/AuthService.java:[90,51] cannot find symbol
  symbol:   method getEmail()
  location: variable savedUser of type org.example.backend.models.User
[ERROR] /C:/Users/DELL/Desktop/temp1/smart-campus-operations-system/backend/src/main/java/org/example/backend/services/AuthService.java:[90,73] cannot find symbol
  symbol:   method getRole()
  location: variable savedUser of type org.example.backend.models.User
[ERROR] /C:/Users/DELL/Desktop/temp1/smart-campus-operations-system/backend/src/main/java/org/example/backend/services/AuthService.java:[97,22] cannot find symbol
  symbol:   method getRole()
  location: variable savedUser of type org.example.backend.models.User
[ERROR] /C:/Users/DELL/Desktop/temp1/smart-campus-operations-system/backend/src/main/java/org/example/backend/services/AuthService.java:[96,22] cannot find symbol
  symbol:   method getEmail()
  location: variable savedUser of type org.example.backend.models.User
[ERROR] /C:/Users/DELL/Desktop/temp1/smart-campus-operations-system/backend/src/main/java/org/example/backend/services/AuthService.java:[95,22] cannot find symbol
  symbol:   method getName()
  location: variable savedUser of type org.example.backend.models.User
[ERROR] /C:/Users/DELL/Desktop/temp1/smart-campus-operations-system/backend/src/main/java/org/example/backend/services/AuthService.java:[94,22] cannot find symbol
  symbol:   method getId()
  location: variable savedUser of type org.example.backend.models.User
[ERROR] /C:/Users/DELL/Desktop/temp1/smart-campus-operations-system/backend/src/main/java/org/example/backend/controllers/BookingController.java:[102,80] cannot find symbol
  symbol:   method getReason()
  location: variable rejectRequest of type org.example.backend.dtos.RejectRequestDTO
[ERROR] /C:/Users/DELL/Desktop/temp1/smart-campus-operations-system/backend/src/main/java/org/example/backend/services/NotificationService.java:[36,21] cannot find symbol
  symbol:   method setRead(boolean)
  location: variable notification of type org.example.backend.models.Notification
[ERROR] /C:/Users/DELL/Desktop/temp1/smart-campus-operations-system/backend/src/main/java/org/example/backend/services/NotificationService.java:[43,30] cannot find symbol
  symbol:   method setRead(boolean)
  location: variable n of type org.example.backend.models.Notification
[ERROR] /C:/Users/DELL/Desktop/temp1/smart-campus-operations-system/backend/src/main/java/org/example/backend/services/UserService.java:[28,29] cannot find symbol
  symbol:   method isActive()
  location: variable user of type org.example.backend.models.User
[ERROR] /C:/Users/DELL/Desktop/temp1/smart-campus-operations-system/backend/src/main/java/org/example/backend/services/UserService.java:[27,29] cannot find symbol
  symbol:   method getRole()
  location: variable user of type org.example.backend.models.User
[ERROR] /C:/Users/DELL/Desktop/temp1/smart-campus-operations-system/backend/src/main/java/org/example/backend/services/UserService.java:[26,29] cannot find symbol
  symbol:   method getEmail()
  location: variable user of type org.example.backend.models.User
[ERROR] /C:/Users/DELL/Desktop/temp1/smart-campus-operations-system/backend/src/main/java/org/example/backend/services/UserService.java:[25,29] cannot find symbol
  symbol:   method getName()
  location: variable user of type org.example.backend.models.User
[ERROR] /C:/Users/DELL/Desktop/temp1/smart-campus-operations-system/backend/src/main/java/org/example/backend/services/UserService.java:[24,29] cannot find symbol
  symbol:   method getId()
  location: variable user of type org.example.backend.models.User
[ERROR] /C:/Users/DELL/Desktop/temp1/smart-campus-operations-system/backend/src/main/java/org/example/backend/services/UserService.java:[30,25] incompatible types: inference variable T has incompatible bounds
    equality constraints: org.example.backend.dtos.UserResponse
    lower bounds: java.lang.Object
[ERROR] /C:/Users/DELL/Desktop/temp1/smart-campus-operations-system/backend/src/main/java/org/example/backend/services/UserService.java:[43,21] cannot find symbol
  symbol:   method isActive()
  location: variable user of type org.example.backend.models.User
[ERROR] /C:/Users/DELL/Desktop/temp1/smart-campus-operations-system/backend/src/main/java/org/example/backend/services/UserService.java:[42,21] cannot find symbol
  symbol:   method getRole()
  location: variable user of type org.example.backend.models.User
[ERROR] /C:/Users/DELL/Desktop/temp1/smart-campus-operations-system/backend/src/main/java/org/example/backend/services/UserService.java:[41,21] cannot find symbol
  symbol:   method getEmail()
  location: variable user of type org.example.backend.models.User
[ERROR] /C:/Users/DELL/Desktop/temp1/smart-campus-operations-system/backend/src/main/java/org/example/backend/services/UserService.java:[40,21] cannot find symbol
  symbol:   method getName()
  location: variable user of type org.example.backend.models.User
[ERROR] /C:/Users/DELL/Desktop/temp1/smart-campus-operations-system/backend/src/main/java/org/example/backend/services/UserService.java:[39,21] cannot find symbol
  symbol:   method getId()
  location: variable user of type org.example.backend.models.User
[ERROR] /C:/Users/DELL/Desktop/temp1/smart-campus-operations-system/backend/src/main/java/org/example/backend/services/UserService.java:[52,13] cannot find symbol
  symbol:   method setRole(org.example.backend.models.Role)
  location: variable user of type org.example.backend.models.User
[ERROR] /C:/Users/DELL/Desktop/temp1/smart-campus-operations-system/backend/src/main/java/org/example/backend/services/UserService.java:[60,28] cannot find symbol
  symbol:   method isActive()
  location: variable updatedUser of type org.example.backend.models.User
[ERROR] /C:/Users/DELL/Desktop/temp1/smart-campus-operations-system/backend/src/main/java/org/example/backend/services/UserService.java:[59,28] cannot find symbol
  symbol:   method getRole()
  location: variable updatedUser of type org.example.backend.models.User
[ERROR] /C:/Users/DELL/Desktop/temp1/smart-campus-operations-system/backend/src/main/java/org/example/backend/services/UserService.java:[58,28] cannot find symbol
  symbol:   method getEmail()
  location: variable updatedUser of type org.example.backend.models.User
[ERROR] /C:/Users/DELL/Desktop/temp1/smart-campus-operations-system/backend/src/main/java/org/example/backend/services/UserService.java:[57,28] cannot find symbol
  symbol:   method getName()
  location: variable updatedUser of type org.example.backend.models.User
[ERROR] /C:/Users/DELL/Desktop/temp1/smart-campus-operations-system/backend/src/main/java/org/example/backend/services/UserService.java:[56,28] cannot find symbol
  symbol:   method getId()
  location: variable updatedUser of type org.example.backend.models.User
[ERROR] /C:/Users/DELL/Desktop/temp1/smart-campus-operations-system/backend/src/main/java/org/example/backend/services/UserService.java:[76,13] cannot find symbol
  symbol:   method setActive(boolean)
  location: variable user of type org.example.backend.models.User
[ERROR] /C:/Users/DELL/Desktop/temp1/smart-campus-operations-system/backend/src/main/java/org/example/backend/services/UserService.java:[84,28] cannot find symbol
  symbol:   method isActive()
  location: variable updatedUser of type org.example.backend.models.User
[ERROR] /C:/Users/DELL/Desktop/temp1/smart-campus-operations-system/backend/src/main/java/org/example/backend/services/UserService.java:[83,28] cannot find symbol
  symbol:   method getRole()
  location: variable updatedUser of type org.example.backend.models.User
[ERROR] /C:/Users/DELL/Desktop/temp1/smart-campus-operations-system/backend/src/main/java/org/example/backend/services/UserService.java:[82,28] cannot find symbol
  symbol:   method getEmail()
  location: variable updatedUser of type org.example.backend.models.User
[ERROR] /C:/Users/DELL/Desktop/temp1/smart-campus-operations-system/backend/src/main/java/org/example/backend/services/UserService.java:[81,28] cannot find symbol
  symbol:   method getName()
  location: variable updatedUser of type org.example.backend.models.User
[ERROR] /C:/Users/DELL/Desktop/temp1/smart-campus-operations-system/backend/src/main/java/org/example/backend/services/UserService.java:[80,28] cannot find symbol
  symbol:   method getId()
  location: variable updatedUser of type org.example.backend.models.User
[ERROR] /C:/Users/DELL/Desktop/temp1/smart-campus-operations-system/backend/src/main/java/org/example/backend/services/MockBookingService.java:[36,34] cannot find symbol
  symbol:   method builder()
  location: class org.example.backend.dtos.BookingResponseDTO
[ERROR] /C:/Users/DELL/Desktop/temp1/smart-campus-operations-system/backend/src/main/java/org/example/backend/services/MockBookingService.java:[51,116] cannot find symbol
  symbol:   method getResourceId()
  location: variable request of type org.example.backend.dtos.BookingRequestDTO
[ERROR] /C:/Users/DELL/Desktop/temp1/smart-campus-operations-system/backend/src/main/java/org/example/backend/services/MockBookingService.java:[51,141] cannot find symbol
  symbol:   method getStartTime()
  location: variable request of type org.example.backend.dtos.BookingRequestDTO
[ERROR] /C:/Users/DELL/Desktop/temp1/smart-campus-operations-system/backend/src/main/java/org/example/backend/services/MockBookingService.java:[51,165] cannot find symbol
  symbol:   method getEndTime()
  location: variable request of type org.example.backend.dtos.BookingRequestDTO
[ERROR] /C:/Users/DELL/Desktop/temp1/smart-campus-operations-system/backend/src/main/java/org/example/backend/services/MockBookingService.java:[51,187] cannot find symbol
  symbol:   method getPurpose()
  location: variable request of type org.example.backend.dtos.BookingRequestDTO
[ERROR] /C:/Users/DELL/Desktop/temp1/smart-campus-operations-system/backend/src/main/java/org/example/backend/services/MockBookingService.java:[59,50] cannot find symbol
  symbol:   method getUserId()
  location: variable b of type org.example.backend.dtos.BookingResponseDTO
[ERROR] /C:/Users/DELL/Desktop/temp1/smart-campus-operations-system/backend/src/main/java/org/example/backend/services/MockBookingService.java:[60,54] cannot find symbol
  symbol:   method getResourceId()
  location: variable b of type org.example.backend.dtos.BookingResponseDTO
[ERROR] /C:/Users/DELL/Desktop/temp1/smart-campus-operations-system/backend/src/main/java/org/example/backend/services/MockBookingService.java:[66,51] cannot find symbol
  symbol:   method getId()
  location: variable b of type org.example.backend.dtos.BookingResponseDTO
[ERROR] /C:/Users/DELL/Desktop/temp1/smart-campus-operations-system/backend/src/main/java/org/example/backend/services/MockBookingService.java:[73,36] cannot find symbol
  symbol:   method getResourceId()
  location: variable request of type org.example.backend.dtos.BookingRequestDTO
[ERROR] /C:/Users/DELL/Desktop/temp1/smart-campus-operations-system/backend/src/main/java/org/example/backend/services/MockBookingService.java:[74,35] cannot find symbol
  symbol:   method getStartTime()
  location: variable request of type org.example.backend.dtos.BookingRequestDTO
[ERROR] /C:/Users/DELL/Desktop/temp1/smart-campus-operations-system/backend/src/main/java/org/example/backend/services/MockBookingService.java:[75,33] cannot find symbol
  symbol:   method getEndTime()
  location: variable request of type org.example.backend.dtos.BookingRequestDTO
[ERROR] /C:/Users/DELL/Desktop/temp1/smart-campus-operations-system/backend/src/main/java/org/example/backend/services/MockBookingService.java:[82,37] cannot find symbol
  symbol:   method getId()
  location: variable b of type org.example.backend.dtos.BookingResponseDTO
[ERROR] /C:/Users/DELL/Desktop/temp1/smart-campus-operations-system/backend/src/main/java/org/example/backend/services/MockBookingService.java:[88,25] cannot find symbol
  symbol:   method setStatus(org.example.backend.models.BookingStatus)
  location: variable b of type org.example.backend.dtos.BookingResponseDTO
[ERROR] /C:/Users/DELL/Desktop/temp1/smart-campus-operations-system/backend/src/main/java/org/example/backend/services/MockBookingService.java:[96,14] cannot find symbol
  symbol:   method setStatus(org.example.backend.models.BookingStatus)
  location: variable b of type org.example.backend.dtos.BookingResponseDTO
[ERROR] /C:/Users/DELL/Desktop/temp1/smart-campus-operations-system/backend/src/main/java/org/example/backend/services/MockBookingService.java:[97,14] cannot find symbol
  symbol:   method setRejectionReason(java.lang.String)
  location: variable b of type org.example.backend.dtos.BookingResponseDTO
[ERROR] /C:/Users/DELL/Desktop/temp1/smart-campus-operations-system/backend/src/main/java/org/example/backend/services/MockBookingService.java:[105,25] cannot find symbol
  symbol:   method setStatus(org.example.backend.models.BookingStatus)
  location: variable b of type org.example.backend.dtos.BookingResponseDTO
[ERROR] /C:/Users/DELL/Desktop/temp1/smart-campus-operations-system/backend/src/main/java/org/example/backend/services/MockBookingService.java:[112,31] cannot find symbol
  symbol:   method getResourceId()
  location: variable b of type org.example.backend.dtos.BookingResponseDTO
[ERROR] /C:/Users/DELL/Desktop/temp1/smart-campus-operations-system/backend/src/main/java/org/example/backend/services/MockBookingService.java:[114,31] cannot find symbol
  symbol:   method getStartTime()
  location: variable b of type org.example.backend.dtos.BookingResponseDTO
[ERROR] /C:/Users/DELL/Desktop/temp1/smart-campus-operations-system/backend/src/main/java/org/example/backend/services/MockBookingService.java:[125,37] cannot find symbol
  symbol:   method getStartTime()
  location: variable b of type org.example.backend.dtos.BookingResponseDTO
[ERROR] /C:/Users/DELL/Desktop/temp1/smart-campus-operations-system/backend/src/main/java/org/example/backend/services/MockBookingService.java:[126,35] cannot find symbol
  symbol:   method getEndTime()
  location: variable b of type org.example.backend.dtos.BookingResponseDTO
[ERROR] /C:/Users/DELL/Desktop/temp1/smart-campus-operations-system/backend/src/main/java/org/example/backend/services/MockBookingService.java:[130,42] cannot find symbol
  symbol:   method builder()
  location: class org.example.backend.dtos.AvailabilitySlotDTO
[ERROR] /C:/Users/DELL/Desktop/temp1/smart-campus-operations-system/backend/src/main/java/org/example/backend/services/MockBookingService.java:[148,35] cannot find symbol
  symbol:   method builder()
  location: class org.example.backend.dtos.AnalyticsSummaryDTO
[ERROR] /C:/Users/DELL/Desktop/temp1/smart-campus-operations-system/backend/src/main/java/org/example/backend/services/MockBookingService.java:[161,13] constructor ResourceUsageDTO in class org.example.backend.dtos.ResourceUsageDTO cannot be applied to given types;
  required: no arguments
  found:    java.lang.String,java.lang.String,int
  reason: actual and formal argument lists differ in length
[ERROR] /C:/Users/DELL/Desktop/temp1/smart-campus-operations-system/backend/src/main/java/org/example/backend/services/MockBookingService.java:[162,13] constructor ResourceUsageDTO in class org.example.backend.dtos.ResourceUsageDTO cannot be applied to given types;
  required: no arguments
  found:    java.lang.String,java.lang.String,int
  reason: actual and formal argument lists differ in length
[ERROR] /C:/Users/DELL/Desktop/temp1/smart-campus-operations-system/backend/src/main/java/org/example/backend/services/MockBookingService.java:[163,13] constructor ResourceUsageDTO in class org.example.backend.dtos.ResourceUsageDTO cannot be applied to given types;
  required: no arguments
  found:    java.lang.String,java.lang.String,int
  reason: actual and formal argument lists differ in length
[INFO] 100 errors 
[INFO] -------------------------------------------------------------
[INFO] ------------------------------------------------------------------------
[INFO] BUILD FAILURE
[INFO] ------------------------------------------------------------------------
[INFO] Total time:  5.088 s
[INFO] Finished at: 2026-04-22T16:56:15+05:30
[INFO] ------------------------------------------------------------------------
[ERROR] Failed to execute goal org.apache.maven.plugins:maven-compiler-plugin:3.14.1:compile (default-compile) on project backend: Compilation failure: Compilation failure: 
[ERROR] /C:/Users/DELL/Desktop/temp1/smart-campus-operations-system/backend/src/main/java/org/example/backend/services/MockUserService.java:[14,41] interface expected here
[ERROR] /C:/Users/DELL/Desktop/temp1/smart-campus-operations-system/backend/src/main/java/org/example/backend/services/MongoUserService.java:[15,42] interface expected here
[ERROR] /C:/Users/DELL/Desktop/temp1/smart-campus-operations-system/backend/src/main/java/org/example/backend/config/DataSeeder.java:[22,31] cannot find symbol
[ERROR]   symbol:   method builder()
[ERROR]   location: class org.example.backend.models.User
[ERROR] /C:/Users/DELL/Desktop/temp1/smart-campus-operations-system/backend/src/main/java/org/example/backend/config/DataSeeder.java:[28,31] cannot find symbol
[ERROR]   symbol:   method builder()
[ERROR]   location: class org.example.backend.models.User
[ERROR] /C:/Users/DELL/Desktop/temp1/smart-campus-operations-system/backend/src/main/java/org/example/backend/config/DataSeeder.java:[34,31] cannot find symbol
[ERROR]   symbol:   method builder()
[ERROR]   location: class org.example.backend.models.User
[ERROR] /C:/Users/DELL/Desktop/temp1/smart-campus-operations-system/backend/src/main/java/org/example/backend/config/DataSeeder.java:[40,31] cannot find symbol
[ERROR]   symbol:   method builder()
[ERROR]   location: class org.example.backend.models.User
[ERROR] /C:/Users/DELL/Desktop/temp1/smart-campus-operations-system/backend/src/main/java/org/example/backend/config/OAuth2SuccessHandler.java:[40,20] constructor User in class org.example.backend.models.User cannot be applied to given types;
[ERROR]   required: java.lang.String,java.lang.String,java.lang.String,org.example.backend.models.Role
[ERROR]   found:    no arguments
[ERROR]   reason: actual and formal argument lists differ in length
[ERROR] /C:/Users/DELL/Desktop/temp1/smart-campus-operations-system/backend/src/main/java/org/example/backend/config/OAuth2SuccessHandler.java:[41,17] cannot find symbol
[ERROR]   symbol:   method setEmail(java.lang.String)
[ERROR]   location: variable user of type org.example.backend.models.User
[ERROR] /C:/Users/DELL/Desktop/temp1/smart-campus-operations-system/backend/src/main/java/org/example/backend/config/OAuth2SuccessHandler.java:[42,17] cannot find symbol
[ERROR]   symbol:   method setName(java.lang.String)
[ERROR]   location: variable user of type org.example.backend.models.User
[ERROR] /C:/Users/DELL/Desktop/temp1/smart-campus-operations-system/backend/src/main/java/org/example/backend/config/OAuth2SuccessHandler.java:[43,17] cannot find symbol
[ERROR]   symbol:   method setPassword(java.lang.String)
[ERROR]   location: variable user of type org.example.backend.models.User
[ERROR] /C:/Users/DELL/Desktop/temp1/smart-campus-operations-system/backend/src/main/java/org/example/backend/config/OAuth2SuccessHandler.java:[44,17] cannot find symbol
[ERROR]   symbol:   method setRole(org.example.backend.models.Role)
[ERROR]   location: variable user of type org.example.backend.models.User
[ERROR] /C:/Users/DELL/Desktop/temp1/smart-campus-operations-system/backend/src/main/java/org/example/backend/config/OAuth2SuccessHandler.java:[45,17] cannot find symbol
[ERROR]   symbol:   method setActive(boolean)
[ERROR]   location: variable user of type org.example.backend.models.User
[ERROR] /C:/Users/DELL/Desktop/temp1/smart-campus-operations-system/backend/src/main/java/org/example/backend/config/OAuth2SuccessHandler.java:[46,17] cannot find symbol
[ERROR]   symbol:   method setCreatedAt(java.time.LocalDateTime)
[ERROR]   location: variable user of type org.example.backend.models.User
[ERROR] /C:/Users/DELL/Desktop/temp1/smart-campus-operations-system/backend/src/main/java/org/example/backend/config/OAuth2SuccessHandler.java:[53,50] cannot find symbol
[ERROR]   symbol:   method getEmail()
[ERROR]   location: variable user of type org.example.backend.models.User
[ERROR] /C:/Users/DELL/Desktop/temp1/smart-campus-operations-system/backend/src/main/java/org/example/backend/config/OAuth2SuccessHandler.java:[53,67] cannot find symbol
[ERROR]   symbol:   method getRole()
[ERROR]   location: variable user of type org.example.backend.models.User
[ERROR] /C:/Users/DELL/Desktop/temp1/smart-campus-operations-system/backend/src/main/java/org/example/backend/config/OAuth2SuccessHandler.java:[57,34] cannot find symbol
[ERROR]   symbol:   method getName()
[ERROR]   location: variable user of type org.example.backend.models.User
[ERROR] /C:/Users/DELL/Desktop/temp1/smart-campus-operations-system/backend/src/main/java/org/example/backend/config/OAuth2SuccessHandler.java:[58,35] cannot find symbol
[ERROR]   symbol:   method getEmail()
[ERROR]   location: variable user of type org.example.backend.models.User
[ERROR] /C:/Users/DELL/Desktop/temp1/smart-campus-operations-system/backend/src/main/java/org/example/backend/config/OAuth2SuccessHandler.java:[59,34] cannot find symbol
[ERROR]   symbol:   method getRole()
[ERROR]   location: variable user of type org.example.backend.models.User
[ERROR] /C:/Users/DELL/Desktop/temp1/smart-campus-operations-system/backend/src/main/java/org/example/backend/config/OAuth2SuccessHandler.java:[60,32] cannot find symbol
[ERROR]   symbol:   method getId()
[ERROR]   location: variable user of type org.example.backend.models.User
[ERROR] /C:/Users/DELL/Desktop/temp1/smart-campus-operations-system/backend/src/main/java/org/example/backend/services/AuthService.java:[24,49] cannot find symbol
[ERROR]   symbol:   method getEmail()
[ERROR]   location: variable request of type org.example.backend.dtos.RegisterRequest
[ERROR] /C:/Users/DELL/Desktop/temp1/smart-campus-operations-system/backend/src/main/java/org/example/backend/services/AuthService.java:[30,24] cannot find symbol
[ERROR]   symbol:   method getName()
[ERROR]   location: variable request of type org.example.backend.dtos.RegisterRequest
[ERROR] /C:/Users/DELL/Desktop/temp1/smart-campus-operations-system/backend/src/main/java/org/example/backend/services/AuthService.java:[31,24] cannot find symbol
[ERROR]   symbol:   method getEmail()
[ERROR]   location: variable request of type org.example.backend.dtos.RegisterRequest
[ERROR] /C:/Users/DELL/Desktop/temp1/smart-campus-operations-system/backend/src/main/java/org/example/backend/services/AuthService.java:[32,47] cannot find symbol
[ERROR]   symbol:   method getPassword()
[ERROR]   location: variable request of type org.example.backend.dtos.RegisterRequest
[ERROR] /C:/Users/DELL/Desktop/temp1/smart-campus-operations-system/backend/src/main/java/org/example/backend/services/AuthService.java:[39,55] cannot find symbol
[ERROR]   symbol:   method getEmail()
[ERROR]   location: variable savedUser of type org.example.backend.models.User
[ERROR] /C:/Users/DELL/Desktop/temp1/smart-campus-operations-system/backend/src/main/java/org/example/backend/services/AuthService.java:[39,77] cannot find symbol
[ERROR]   symbol:   method getRole()
[ERROR]   location: variable savedUser of type org.example.backend.models.User
[ERROR] /C:/Users/DELL/Desktop/temp1/smart-campus-operations-system/backend/src/main/java/org/example/backend/services/AuthService.java:[46,26] cannot find symbol
[ERROR]   symbol:   method getRole()
[ERROR]   location: variable savedUser of type org.example.backend.models.User
[ERROR] /C:/Users/DELL/Desktop/temp1/smart-campus-operations-system/backend/src/main/java/org/example/backend/services/AuthService.java:[45,26] cannot find symbol
[ERROR]   symbol:   method getEmail()
[ERROR]   location: variable savedUser of type org.example.backend.models.User
[ERROR] /C:/Users/DELL/Desktop/temp1/smart-campus-operations-system/backend/src/main/java/org/example/backend/services/AuthService.java:[44,26] cannot find symbol
[ERROR]   symbol:   method getName()
[ERROR]   location: variable savedUser of type org.example.backend.models.User
[ERROR] /C:/Users/DELL/Desktop/temp1/smart-campus-operations-system/backend/src/main/java/org/example/backend/services/AuthService.java:[43,26] cannot find symbol
[ERROR]   symbol:   method getId()
[ERROR]   location: variable savedUser of type org.example.backend.models.User
[ERROR] /C:/Users/DELL/Desktop/temp1/smart-campus-operations-system/backend/src/main/java/org/example/backend/services/AuthService.java:[52,55] cannot find symbol
[ERROR]   symbol:   method getEmail()
[ERROR]   location: variable request of type org.example.backend.dtos.LoginRequest
[ERROR] /C:/Users/DELL/Desktop/temp1/smart-campus-operations-system/backend/src/main/java/org/example/backend/services/AuthService.java:[56,18] cannot find symbol
[ERROR]   symbol:   method isActive()
[ERROR]   location: variable user of type org.example.backend.models.User
[ERROR] /C:/Users/DELL/Desktop/temp1/smart-campus-operations-system/backend/src/main/java/org/example/backend/services/AuthService.java:[61,45] cannot find symbol
[ERROR]   symbol:   method getPassword()
[ERROR]   location: variable request of type org.example.backend.dtos.LoginRequest
[ERROR] /C:/Users/DELL/Desktop/temp1/smart-campus-operations-system/backend/src/main/java/org/example/backend/services/AuthService.java:[61,65] cannot find symbol
[ERROR]   symbol:   method getPassword()
[ERROR]   location: variable user of type org.example.backend.models.User
[ERROR] /C:/Users/DELL/Desktop/temp1/smart-campus-operations-system/backend/src/main/java/org/example/backend/services/AuthService.java:[66,50] cannot find symbol
[ERROR]   symbol:   method getEmail()
[ERROR]   location: variable user of type org.example.backend.models.User
[ERROR] /C:/Users/DELL/Desktop/temp1/smart-campus-operations-system/backend/src/main/java/org/example/backend/services/AuthService.java:[66,67] cannot find symbol
[ERROR]   symbol:   method getRole()
[ERROR]   location: variable user of type org.example.backend.models.User
[ERROR] /C:/Users/DELL/Desktop/temp1/smart-campus-operations-system/backend/src/main/java/org/example/backend/services/AuthService.java:[73,21] cannot find symbol
[ERROR]   symbol:   method getRole()
[ERROR]   location: variable user of type org.example.backend.models.User
[ERROR] /C:/Users/DELL/Desktop/temp1/smart-campus-operations-system/backend/src/main/java/org/example/backend/services/AuthService.java:[72,21] cannot find symbol
[ERROR]   symbol:   method getEmail()
[ERROR]   location: variable user of type org.example.backend.models.User
[ERROR] /C:/Users/DELL/Desktop/temp1/smart-campus-operations-system/backend/src/main/java/org/example/backend/services/AuthService.java:[71,21] cannot find symbol
[ERROR]   symbol:   method getName()
[ERROR]   location: variable user of type org.example.backend.models.User
[ERROR] /C:/Users/DELL/Desktop/temp1/smart-campus-operations-system/backend/src/main/java/org/example/backend/services/AuthService.java:[70,21] cannot find symbol
[ERROR]   symbol:   method getId()
[ERROR]   location: variable user of type org.example.backend.models.User
[ERROR] /C:/Users/DELL/Desktop/temp1/smart-campus-operations-system/backend/src/main/java/org/example/backend/services/AuthService.java:[78,45] cannot find symbol
[ERROR]   symbol:   method getEmail()
[ERROR]   location: variable request of type org.example.backend.dtos.RegisterRequest
[ERROR] /C:/Users/DELL/Desktop/temp1/smart-campus-operations-system/backend/src/main/java/org/example/backend/services/AuthService.java:[83,20] cannot find symbol
[ERROR]   symbol:   method getName()
[ERROR]   location: variable request of type org.example.backend.dtos.RegisterRequest
[ERROR] /C:/Users/DELL/Desktop/temp1/smart-campus-operations-system/backend/src/main/java/org/example/backend/services/AuthService.java:[84,20] cannot find symbol
[ERROR]   symbol:   method getEmail()
[ERROR]   location: variable request of type org.example.backend.dtos.RegisterRequest
[ERROR] /C:/Users/DELL/Desktop/temp1/smart-campus-operations-system/backend/src/main/java/org/example/backend/services/AuthService.java:[85,43] cannot find symbol
[ERROR]   symbol:   method getPassword()
[ERROR]   location: variable request of type org.example.backend.dtos.RegisterRequest
[ERROR] /C:/Users/DELL/Desktop/temp1/smart-campus-operations-system/backend/src/main/java/org/example/backend/services/AuthService.java:[90,51] cannot find symbol
[ERROR]   symbol:   method getEmail()
[ERROR]   location: variable savedUser of type org.example.backend.models.User
[ERROR] /C:/Users/DELL/Desktop/temp1/smart-campus-operations-system/backend/src/main/java/org/example/backend/services/AuthService.java:[90,73] cannot find symbol
[ERROR]   symbol:   method getRole()
[ERROR]   location: variable savedUser of type org.example.backend.models.User
[ERROR] /C:/Users/DELL/Desktop/temp1/smart-campus-operations-system/backend/src/main/java/org/example/backend/services/AuthService.java:[97,22] cannot find symbol
[ERROR]   symbol:   method getRole()
[ERROR]   location: variable savedUser of type org.example.backend.models.User
[ERROR] /C:/Users/DELL/Desktop/temp1/smart-campus-operations-system/backend/src/main/java/org/example/backend/services/AuthService.java:[96,22] cannot find symbol
[ERROR]   symbol:   method getEmail()
[ERROR]   location: variable savedUser of type org.example.backend.models.User
[ERROR] /C:/Users/DELL/Desktop/temp1/smart-campus-operations-system/backend/src/main/java/org/example/backend/services/AuthService.java:[95,22] cannot find symbol
[ERROR]   symbol:   method getName()
[ERROR]   location: variable savedUser of type org.example.backend.models.User
[ERROR] /C:/Users/DELL/Desktop/temp1/smart-campus-operations-system/backend/src/main/java/org/example/backend/services/AuthService.java:[94,22] cannot find symbol
[ERROR]   symbol:   method getId()
[ERROR]   location: variable savedUser of type org.example.backend.models.User
[ERROR] /C:/Users/DELL/Desktop/temp1/smart-campus-operations-system/backend/src/main/java/org/example/backend/controllers/BookingController.java:[102,80] cannot find symbol
[ERROR]   symbol:   method getReason()
[ERROR]   location: variable rejectRequest of type org.example.backend.dtos.RejectRequestDTO
[ERROR] /C:/Users/DELL/Desktop/temp1/smart-campus-operations-system/backend/src/main/java/org/example/backend/services/NotificationService.java:[36,21] cannot find symbol
[ERROR]   symbol:   method setRead(boolean)
[ERROR]   location: variable notification of type org.example.backend.models.Notification
[ERROR] /C:/Users/DELL/Desktop/temp1/smart-campus-operations-system/backend/src/main/java/org/example/backend/services/NotificationService.java:[43,30] cannot find symbol
[ERROR]   symbol:   method setRead(boolean)
[ERROR]   location: variable n of type org.example.backend.models.Notification
[ERROR] /C:/Users/DELL/Desktop/temp1/smart-campus-operations-system/backend/src/main/java/org/example/backend/services/UserService.java:[28,29] cannot find symbol
[ERROR]   symbol:   method isActive()
[ERROR]   location: variable user of type org.example.backend.models.User
[ERROR] /C:/Users/DELL/Desktop/temp1/smart-campus-operations-system/backend/src/main/java/org/example/backend/services/UserService.java:[27,29] cannot find symbol
[ERROR]   symbol:   method getRole()
[ERROR]   location: variable user of type org.example.backend.models.User
[ERROR] /C:/Users/DELL/Desktop/temp1/smart-campus-operations-system/backend/src/main/java/org/example/backend/services/UserService.java:[26,29] cannot find symbol
[ERROR]   symbol:   method getEmail()
[ERROR]   location: variable user of type org.example.backend.models.User
[ERROR] /C:/Users/DELL/Desktop/temp1/smart-campus-operations-system/backend/src/main/java/org/example/backend/services/UserService.java:[25,29] cannot find symbol
[ERROR]   symbol:   method getName()
[ERROR]   location: variable user of type org.example.backend.models.User
[ERROR] /C:/Users/DELL/Desktop/temp1/smart-campus-operations-system/backend/src/main/java/org/example/backend/services/UserService.java:[24,29] cannot find symbol
[ERROR]   symbol:   method getId()
[ERROR]   location: variable user of type org.example.backend.models.User
[ERROR] /C:/Users/DELL/Desktop/temp1/smart-campus-operations-system/backend/src/main/java/org/example/backend/services/UserService.java:[30,25] incompatible types: inference variable T has incompatible bounds
[ERROR]     equality constraints: org.example.backend.dtos.UserResponse
[ERROR]     lower bounds: java.lang.Object
[ERROR] /C:/Users/DELL/Desktop/temp1/smart-campus-operations-system/backend/src/main/java/org/example/backend/services/UserService.java:[43,21] cannot find symbol
[ERROR]   symbol:   method isActive()
[ERROR]   location: variable user of type org.example.backend.models.User
[ERROR] /C:/Users/DELL/Desktop/temp1/smart-campus-operations-system/backend/src/main/java/org/example/backend/services/UserService.java:[42,21] cannot find symbol
[ERROR]   symbol:   method getRole()
[ERROR]   location: variable user of type org.example.backend.models.User
[ERROR] /C:/Users/DELL/Desktop/temp1/smart-campus-operations-system/backend/src/main/java/org/example/backend/services/UserService.java:[41,21] cannot find symbol
[ERROR]   symbol:   method getEmail()
[ERROR]   location: variable user of type org.example.backend.models.User
[ERROR] /C:/Users/DELL/Desktop/temp1/smart-campus-operations-system/backend/src/main/java/org/example/backend/services/UserService.java:[40,21] cannot find symbol
[ERROR]   symbol:   method getName()
[ERROR]   location: variable user of type org.example.backend.models.User
[ERROR] /C:/Users/DELL/Desktop/temp1/smart-campus-operations-system/backend/src/main/java/org/example/backend/services/UserService.java:[39,21] cannot find symbol
[ERROR]   symbol:   method getId()
[ERROR]   location: variable user of type org.example.backend.models.User
[ERROR] /C:/Users/DELL/Desktop/temp1/smart-campus-operations-system/backend/src/main/java/org/example/backend/services/UserService.java:[52,13] cannot find symbol
[ERROR]   symbol:   method setRole(org.example.backend.models.Role)
[ERROR]   location: variable user of type org.example.backend.models.User
[ERROR] /C:/Users/DELL/Desktop/temp1/smart-campus-operations-system/backend/src/main/java/org/example/backend/services/UserService.java:[60,28] cannot find symbol
[ERROR]   symbol:   method isActive()
[ERROR]   location: variable updatedUser of type org.example.backend.models.User
[ERROR] /C:/Users/DELL/Desktop/temp1/smart-campus-operations-system/backend/src/main/java/org/example/backend/services/UserService.java:[59,28] cannot find symbol
[ERROR]   symbol:   method getRole()
[ERROR]   location: variable updatedUser of type org.example.backend.models.User
[ERROR] /C:/Users/DELL/Desktop/temp1/smart-campus-operations-system/backend/src/main/java/org/example/backend/services/UserService.java:[58,28] cannot find symbol
[ERROR]   symbol:   method getEmail()
[ERROR]   location: variable updatedUser of type org.example.backend.models.User
[ERROR] /C:/Users/DELL/Desktop/temp1/smart-campus-operations-system/backend/src/main/java/org/example/backend/services/UserService.java:[57,28] cannot find symbol
[ERROR]   symbol:   method getName()
[ERROR]   location: variable updatedUser of type org.example.backend.models.User
[ERROR] /C:/Users/DELL/Desktop/temp1/smart-campus-operations-system/backend/src/main/java/org/example/backend/services/UserService.java:[56,28] cannot find symbol
[ERROR]   symbol:   method getId()
[ERROR]   location: variable updatedUser of type org.example.backend.models.User
[ERROR] /C:/Users/DELL/Desktop/temp1/smart-campus-operations-system/backend/src/main/java/org/example/backend/services/UserService.java:[76,13] cannot find symbol
[ERROR]   symbol:   method setActive(boolean)
[ERROR]   location: variable user of type org.example.backend.models.User
[ERROR] /C:/Users/DELL/Desktop/temp1/smart-campus-operations-system/backend/src/main/java/org/example/backend/services/UserService.java:[84,28] cannot find symbol
[ERROR]   symbol:   method isActive()
[ERROR]   location: variable updatedUser of type org.example.backend.models.User
[ERROR] /C:/Users/DELL/Desktop/temp1/smart-campus-operations-system/backend/src/main/java/org/example/backend/services/UserService.java:[83,28] cannot find symbol
[ERROR]   symbol:   method getRole()
[ERROR]   location: variable updatedUser of type org.example.backend.models.User
[ERROR] /C:/Users/DELL/Desktop/temp1/smart-campus-operations-system/backend/src/main/java/org/example/backend/services/UserService.java:[82,28] cannot find symbol
[ERROR]   symbol:   method getEmail()
[ERROR]   location: variable updatedUser of type org.example.backend.models.User
[ERROR] /C:/Users/DELL/Desktop/temp1/smart-campus-operations-system/backend/src/main/java/org/example/backend/services/UserService.java:[81,28] cannot find symbol
[ERROR]   symbol:   method getName()
[ERROR]   location: variable updatedUser of type org.example.backend.models.User
[ERROR] /C:/Users/DELL/Desktop/temp1/smart-campus-operations-system/backend/src/main/java/org/example/backend/services/UserService.java:[80,28] cannot find symbol
[ERROR]   symbol:   method getId()
[ERROR]   location: variable updatedUser of type org.example.backend.models.User
[ERROR] /C:/Users/DELL/Desktop/temp1/smart-campus-operations-system/backend/src/main/java/org/example/backend/services/MockBookingService.java:[36,34] cannot find symbol
[ERROR]   symbol:   method builder()
[ERROR]   location: class org.example.backend.dtos.BookingResponseDTO
[ERROR] /C:/Users/DELL/Desktop/temp1/smart-campus-operations-system/backend/src/main/java/org/example/backend/services/MockBookingService.java:[51,116] cannot find symbol
[ERROR]   symbol:   method getResourceId()
[ERROR]   location: variable request of type org.example.backend.dtos.BookingRequestDTO
[ERROR] /C:/Users/DELL/Desktop/temp1/smart-campus-operations-system/backend/src/main/java/org/example/backend/services/MockBookingService.java:[51,141] cannot find symbol
[ERROR]   symbol:   method getStartTime()
[ERROR]   location: variable request of type org.example.backend.dtos.BookingRequestDTO
[ERROR] /C:/Users/DELL/Desktop/temp1/smart-campus-operations-system/backend/src/main/java/org/example/backend/services/MockBookingService.java:[51,165] cannot find symbol
[ERROR]   symbol:   method getEndTime()
[ERROR]   location: variable request of type org.example.backend.dtos.BookingRequestDTO
[ERROR] /C:/Users/DELL/Desktop/temp1/smart-campus-operations-system/backend/src/main/java/org/example/backend/services/MockBookingService.java:[51,187] cannot find symbol
[ERROR]   symbol:   method getPurpose()
[ERROR]   location: variable request of type org.example.backend.dtos.BookingRequestDTO
[ERROR] /C:/Users/DELL/Desktop/temp1/smart-campus-operations-system/backend/src/main/java/org/example/backend/services/MockBookingService.java:[59,50] cannot find symbol
[ERROR]   symbol:   method getUserId()
[ERROR]   location: variable b of type org.example.backend.dtos.BookingResponseDTO
[ERROR] /C:/Users/DELL/Desktop/temp1/smart-campus-operations-system/backend/src/main/java/org/example/backend/services/MockBookingService.java:[60,54] cannot find symbol
[ERROR]   symbol:   method getResourceId()
[ERROR]   location: variable b of type org.example.backend.dtos.BookingResponseDTO
[ERROR] /C:/Users/DELL/Desktop/temp1/smart-campus-operations-system/backend/src/main/java/org/example/backend/services/MockBookingService.java:[66,51] cannot find symbol
[ERROR]   symbol:   method getId()
[ERROR]   location: variable b of type org.example.backend.dtos.BookingResponseDTO
[ERROR] /C:/Users/DELL/Desktop/temp1/smart-campus-operations-system/backend/src/main/java/org/example/backend/services/MockBookingService.java:[73,36] cannot find symbol
[ERROR]   symbol:   method getResourceId()
[ERROR]   location: variable request of type org.example.backend.dtos.BookingRequestDTO
[ERROR] /C:/Users/DELL/Desktop/temp1/smart-campus-operations-system/backend/src/main/java/org/example/backend/services/MockBookingService.java:[74,35] cannot find symbol
[ERROR]   symbol:   method getStartTime()
[ERROR]   location: variable request of type org.example.backend.dtos.BookingRequestDTO
[ERROR] /C:/Users/DELL/Desktop/temp1/smart-campus-operations-system/backend/src/main/java/org/example/backend/services/MockBookingService.java:[75,33] cannot find symbol
[ERROR]   symbol:   method getEndTime()
[ERROR]   location: variable request of type org.example.backend.dtos.BookingRequestDTO
[ERROR] /C:/Users/DELL/Desktop/temp1/smart-campus-operations-system/backend/src/main/java/org/example/backend/services/MockBookingService.java:[82,37] cannot find symbol
[ERROR]   symbol:   method getId()
[ERROR]   location: variable b of type org.example.backend.dtos.BookingResponseDTO
[ERROR] /C:/Users/DELL/Desktop/temp1/smart-campus-operations-system/backend/src/main/java/org/example/backend/services/MockBookingService.java:[88,25] cannot find symbol
[ERROR]   symbol:   method setStatus(org.example.backend.models.BookingStatus)
[ERROR]   location: variable b of type org.example.backend.dtos.BookingResponseDTO
[ERROR] /C:/Users/DELL/Desktop/temp1/smart-campus-operations-system/backend/src/main/java/org/example/backend/services/MockBookingService.java:[96,14] cannot find symbol
[ERROR]   symbol:   method setStatus(org.example.backend.models.BookingStatus)
[ERROR]   location: variable b of type org.example.backend.dtos.BookingResponseDTO
[ERROR] /C:/Users/DELL/Desktop/temp1/smart-campus-operations-system/backend/src/main/java/org/example/backend/services/MockBookingService.java:[97,14] cannot find symbol
[ERROR]   symbol:   method setRejectionReason(java.lang.String)
[ERROR]   location: variable b of type org.example.backend.dtos.BookingResponseDTO
[ERROR] /C:/Users/DELL/Desktop/temp1/smart-campus-operations-system/backend/src/main/java/org/example/backend/services/MockBookingService.java:[105,25] cannot find symbol
[ERROR]   symbol:   method setStatus(org.example.backend.models.BookingStatus)
[ERROR]   location: variable b of type org.example.backend.dtos.BookingResponseDTO
[ERROR] /C:/Users/DELL/Desktop/temp1/smart-campus-operations-system/backend/src/main/java/org/example/backend/services/MockBookingService.java:[112,31] cannot find symbol
[ERROR]   symbol:   method getResourceId()
[ERROR]   location: variable b of type org.example.backend.dtos.BookingResponseDTO
[ERROR] /C:/Users/DELL/Desktop/temp1/smart-campus-operations-system/backend/src/main/java/org/example/backend/services/MockBookingService.java:[114,31] cannot find symbol
[ERROR]   symbol:   method getStartTime()
[ERROR]   location: variable b of type org.example.backend.dtos.BookingResponseDTO
[ERROR] /C:/Users/DELL/Desktop/temp1/smart-campus-operations-system/backend/src/main/java/org/example/backend/services/MockBookingService.java:[125,37] cannot find symbol
[ERROR]   symbol:   method getStartTime()
[ERROR]   location: variable b of type org.example.backend.dtos.BookingResponseDTO
[ERROR] /C:/Users/DELL/Desktop/temp1/smart-campus-operations-system/backend/src/main/java/org/example/backend/services/MockBookingService.java:[126,35] cannot find symbol
[ERROR]   symbol:   method getEndTime()
[ERROR]   location: variable b of type org.example.backend.dtos.BookingResponseDTO
[ERROR] /C:/Users/DELL/Desktop/temp1/smart-campus-operations-system/backend/src/main/java/org/example/backend/services/MockBookingService.java:[130,42] cannot find symbol
[ERROR]   symbol:   method builder()
[ERROR]   location: class org.example.backend.dtos.AvailabilitySlotDTO
[ERROR] /C:/Users/DELL/Desktop/temp1/smart-campus-operations-system/backend/src/main/java/org/example/backend/services/MockBookingService.java:[148,35] cannot find symbol
[ERROR]   symbol:   method builder()
[ERROR]   location: class org.example.backend.dtos.AnalyticsSummaryDTO
[ERROR] /C:/Users/DELL/Desktop/temp1/smart-campus-operations-system/backend/src/main/java/org/example/backend/services/MockBookingService.java:[161,13] constructor ResourceUsageDTO in class org.example.backend.dtos.ResourceUsageDTO cannot be applied to given types;
[ERROR]   required: no arguments
[ERROR]   found:    java.lang.String,java.lang.String,int
[ERROR]   reason: actual and formal argument lists differ in length
[ERROR] /C:/Users/DELL/Desktop/temp1/smart-campus-operations-system/backend/src/main/java/org/example/backend/services/MockBookingService.java:[162,13] constructor ResourceUsageDTO in class org.example.backend.dtos.ResourceUsageDTO cannot be applied to given types;
[ERROR]   required: no arguments
[ERROR]   found:    java.lang.String,java.lang.String,int
[ERROR]   reason: actual and formal argument lists differ in length
[ERROR] /C:/Users/DELL/Desktop/temp1/smart-campus-operations-system/backend/src/main/java/org/example/backend/services/MockBookingService.java:[163,13] constructor ResourceUsageDTO in class org.example.backend.dtos.ResourceUsageDTO cannot be applied to given types;
[ERROR]   required: no arguments
[ERROR]   found:    java.lang.String,java.lang.String,int
[ERROR]   reason: actual and formal argument lists differ in length
[ERROR] -> [Help 1]
[ERROR] 
[ERROR] To see the full stack trace of the errors, re-run Maven with the -e switch.
[ERROR] Re-run Maven using the -X switch to enable full debug logging.
[ERROR] 
[ERROR] For more information about the errors and possible solutions, please read the following articles:
[ERROR] [Help 1] http://cwiki.apache.org/confluence/display/MAVEN/MojoFailureException
